<?xml version="1.0" encoding="UTF-8"?>
<testsuites name="jest tests" tests="50" failures="0" time="5.424">
  <testsuite name="undefined" errors="0" failures="0" skipped="0" timestamp="2020-04-22T23:35:18" time="3.399" tests="2">
    <testcase classname=" list-sandboxes - missing config" name=" list-sandboxes - missing config" time="0.724">
    </testcase>
    <testcase classname=" list-sandboxes-success" name=" list-sandboxes-success" time="0.167">
    </testcase>
  </testsuite>
  <testsuite name="undefined" errors="0" failures="0" skipped="0" timestamp="2020-04-22T23:35:18" time="3.551" tests="3">
    <testcase classname=" list-sandboxes - missing config" name=" list-sandboxes - missing config" time="0.717">
    </testcase>
    <testcase classname=" list-mapping-functions" name=" list-mapping-functions" time="0.153">
    </testcase>
    <testcase classname=" validate-mappings" name=" validate-mappings" time="0.155">
    </testcase>
  </testsuite>
  <testsuite name="undefined" errors="0" failures="0" skipped="0" timestamp="2020-04-22T23:35:18" time="3.581" tests="4">
    <testcase classname=" create-batch-bulk-upload - missing config" name=" create-batch-bulk-upload - missing config" time="0.713">
    </testcase>
    <testcase classname=" create-batch-bulk-upload-with-and-without-filter-params-success" name=" create-batch-bulk-upload-with-and-without-filter-params-success" time="0.163">
    </testcase>
    <testcase classname=" upload-batch-bulk-success" name=" upload-batch-bulk-success" time="0.15">
    </testcase>
    <testcase classname=" complete-batch-bulk-success" name=" complete-batch-bulk-success" time="0">
    </testcase>
  </testsuite>
  <testsuite name="undefined" errors="0" failures="0" skipped="0" timestamp="2020-04-22T23:35:18" time="3.824" tests="4">
    <testcase classname=" list-classes - missing config" name=" list-classes - missing config" time="0.715">
    </testcase>
    <testcase classname=" list-and-get-class-with-and-without-filter-params-success" name=" list-and-get-class-with-and-without-filter-params-success" time="0.284">
    </testcase>
    <testcase classname=" create-class-success" name=" create-class-success" time="0.127">
    </testcase>
    <testcase classname=" delete-class-success" name=" delete-class-success" time="0.166">
    </testcase>
  </testsuite>
  <testsuite name="undefined" errors="0" failures="0" skipped="0" timestamp="2020-04-22T23:35:18" time="3.864" tests="4">
    <testcase classname=" list-datatypes - missing config" name=" list-datatypes - missing config" time="0.715">
    </testcase>
    <testcase classname=" list-and-get-datatype-with-and-without-filter-params-success" name=" list-and-get-datatype-with-and-without-filter-params-success" time="0.297">
    </testcase>
    <testcase classname=" create-datatype-success" name=" create-datatype-success" time="0.132">
    </testcase>
    <testcase classname=" delete-datatype-success" name=" delete-datatype-success" time="0.173">
    </testcase>
  </testsuite>
  <testsuite name="undefined" errors="0" failures="0" skipped="0" timestamp="2020-04-22T23:35:18" time="3.893" tests="4">
    <testcase classname=" list-batches - missing config" name=" list-batches - missing config" time="0.731">
    </testcase>
    <testcase classname=" list-and-get-batch-with-and-without-filter-params-success" name=" list-and-get-batch-with-and-without-filter-params-success" time="0.294">
    </testcase>
    <testcase classname=" create-batch-success" name=" create-batch-success" time="0.184">
    </testcase>
    <testcase classname=" delete-batch-success" name=" delete-batch-success" time="0.169">
    </testcase>
  </testsuite>
  <testsuite name="undefined" errors="0" failures="0" skipped="0" timestamp="2020-04-22T23:35:18" time="3.981" tests="5">
    <testcase classname=" list-ds - missing config" name=" list-ds - missing config" time="0.724">
    </testcase>
    <testcase classname=" list-and-get-ds-with-and-without-filter-params-success" name=" list-and-get-ds-with-and-without-filter-params-success" time="0.3">
    </testcase>
    <testcase classname=" create-ds-success" name=" create-ds-success" time="0.135">
    </testcase>
    <testcase classname=" create-ds-with-payload-success" name=" create-ds-with-payload-success" time="0.14">
    </testcase>
    <testcase classname=" delete-ds-success" name=" delete-ds-success" time="0.107">
    </testcase>
  </testsuite>
  <testsuite name="undefined" errors="0" failures="0" skipped="0" timestamp="2020-04-22T23:35:18" time="3.984" tests="5">
    <testcase classname=" list-mixins - missing config" name=" list-mixins - missing config" time="0.717">
    </testcase>
    <testcase classname=" list-and-get-mixin-with-and-without-filter-params-success" name=" list-and-get-mixin-with-and-without-filter-params-success" time="0.296">
    </testcase>
    <testcase classname=" create-mixin-success" name=" create-mixin-success" time="0.133">
    </testcase>
    <testcase classname=" create-mixin-success-with-payload" name=" create-mixin-success-with-payload" time="0.132">
    </testcase>
    <testcase classname=" delete-mixin-success" name=" delete-mixin-success" time="0.129">
    </testcase>
  </testsuite>
  <testsuite name="undefined" errors="0" failures="0" skipped="0" timestamp="2020-04-22T23:35:18" time="3.987" tests="5">
    <testcase classname=" create-mapping - missing config" name=" create-mapping - missing config" time="0.701">
    </testcase>
    <testcase classname=" create-mapping-with-and-without-filter-params-success" name=" create-mapping-with-and-without-filter-params-success" time="0.164">
    </testcase>
    <testcase classname=" create-mapping-success" name=" create-mapping-success" time="0.153">
    </testcase>
    <testcase classname=" list-and-get-mappings-with-and-without-filter-params-success" name=" list-and-get-mappings-with-and-without-filter-params-success" time="0.298">
    </testcase>
    <testcase classname=" update-mappings-with-and-without-filter-params-success" name=" update-mappings-with-and-without-filter-params-success" time="0.128">
    </testcase>
  </testsuite>
  <testsuite name="undefined" errors="0" failures="0" skipped="0" timestamp="2020-04-22T23:35:18" time="4.037" tests="6">
    <testcase classname=" create-mapping-set - missing config" name=" create-mapping-set - missing config" time="0.688">
    </testcase>
    <testcase classname=" create-mapping-set-with-and-without-filter-params-success" name=" create-mapping-set-with-and-without-filter-params-success" time="0.165">
    </testcase>
    <testcase classname=" create-mapping-set-success" name=" create-mapping-set-success" time="0.151">
    </testcase>
    <testcase classname=" create-mapping-set-success" name=" create-mapping-set-success" time="0.13">
    </testcase>
    <testcase classname=" list-and-get-mappingsets-with-and-without-filter-params-success" name=" list-and-get-mappingsets-with-and-without-filter-params-success" time="0.268">
    </testcase>
    <testcase classname=" update-mapping-set-with-and-without-filter-params-success" name=" update-mapping-set-with-and-without-filter-params-success" time="0.084">
    </testcase>
  </testsuite>
  <testsuite name="undefined" errors="0" failures="0" skipped="0" timestamp="2020-04-22T23:35:18" time="4.032" tests="5">
    <testcase classname=" list-schemas - missing config" name=" list-schemas - missing config" time="0.716">
    </testcase>
    <testcase classname=" list-and-get-schema-with-and-without-filter-params-success" name=" list-and-get-schema-with-and-without-filter-params-success" time="0.304">
    </testcase>
    <testcase classname=" create-schema-success" name=" create-schema-success" time="0.134">
    </testcase>
    <testcase classname=" create-schema-success-with-payload" name=" create-schema-success-with-payload" time="0.15">
    </testcase>
    <testcase classname=" delete-schema-success" name=" delete-schema-success" time="0.13">
    </testcase>
  </testsuite>
  <testsuite name="undefined" errors="0" failures="0" skipped="0" timestamp="2020-04-22T23:35:22" time="0.459" tests="1">
    <testcase classname=" getAdobeAep" name=" getAdobeAep" time="0.02">
    </testcase>
  </testsuite>
  <testsuite name="undefined" errors="0" failures="0" skipped="0" timestamp="2020-04-22T23:35:22" time="0.735" tests="2">
    <testcase classname=" show-stats - missing config" name=" show-stats - missing config" time="0.17">
    </testcase>
    <testcase classname=" show-stats-success" name=" show-stats-success" time="0.054">
    </testcase>
  </testsuite>
</testsuites>